gcr.io/spectro-images-public/kairos-ubuntu:20.04-core-amd64-generic-v2.4.5
gcr.io/spectro-images-public/kairos-ubuntu:22.04-core-amd64-generic-v2.4.5
gcr.io/spectro-images-public/opensuse:leap-15.5-core-amd64-generic-v2.4.5
gcr.io/spectro-images-public/rhel8:core-amd64-generic-v2.4.5
gcr.io/spectro-images-public/slem:2.4.5
gcr.io/spectro-dev-public/santhosh/ubuntu-focal-fips:v2.4.5_20240402
gcr.io/spectro-images-public/rhel-fips:v2.4.5
gcr.io/spectro-images-public/release/spectro-kubectl-no-error:1.28.4
gcr.io/spectro-images-public/stylus/init-upgrade:5.5

gcr.io/spectro-images-public/kairos-io/provider-kubeadm:v4.3.0
ghcr.io/kairos-io/provider-rke2:v4.1.1
ghcr.io/kairos-io/provider-k3s:v4.1.1
gcr.io/spectro-images-public/kairos-io/provider-kubeadm-fips:v4.3.0
ghcr.io/kairos-io/provider-rke2-fips:v4.1.1
ghcr.io/kairos-io/provider-k3s-fips:v4.1.1


gcr.io/spectro-images-public/stylus-linux-amd64:v4.3.1-rc7
gcr.io/spectro-images-public/stylus-framework-linux-amd64:v4.3.1-rc7
gcr.io/spectro-images-public/stylus-fips-linux-amd64:v4.3.1-rc7
gcr.io/spectro-images-public/stylus-framework-fips-linux-amd64:v4.3.1-rc7

gcr.io/spectro-dev-public/luet-repo:containerd-container-runtime-1.7.14
gcr.io/spectro-dev-public/luet-repo:k3s-k8s-1.25.13-k3s1
gcr.io/spectro-dev-public/luet-repo:k3s-k8s-1.25.15-k3s1
gcr.io/spectro-dev-public/luet-repo:k3s-k8s-1.25.2-k3s1
gcr.io/spectro-dev-public/luet-repo:k3s-k8s-1.26.10-k3s1
gcr.io/spectro-dev-public/luet-repo:k3s-k8s-1.26.12-k3s1
gcr.io/spectro-dev-public/luet-repo:k3s-k8s-1.26.14-k3s1
gcr.io/spectro-dev-public/luet-repo:k3s-k8s-1.26.4-k3s1
gcr.io/spectro-dev-public/luet-repo:k3s-k8s-1.26.8-k3s1
gcr.io/spectro-dev-public/luet-repo:k3s-k8s-1.27.11-k3s1
gcr.io/spectro-dev-public/luet-repo:k3s-k8s-1.27.2-k3s1
gcr.io/spectro-dev-public/luet-repo:k3s-k8s-1.27.5-k3s1
gcr.io/spectro-dev-public/luet-repo:k3s-k8s-1.27.7-k3s1
gcr.io/spectro-dev-public/luet-repo:k3s-k8s-1.27.9-k3s1
gcr.io/spectro-dev-public/luet-repo:k3s-k8s-1.28.2-k3s1
gcr.io/spectro-dev-public/luet-repo:k3s-k8s-1.28.4-k3s1
gcr.io/spectro-dev-public/luet-repo:k3s-k8s-1.28.5-k3s1
gcr.io/spectro-dev-public/luet-repo:k3s-k8s-1.28.7-k3s1
gcr.io/spectro-dev-public/luet-repo:k3s-k8s-1.29.0-k3s1
gcr.io/spectro-dev-public/luet-repo:k3s-k8s-1.29.2-k3s1
gcr.io/spectro-dev-public/luet-repo:kubeadm-k8s-1.25.13
gcr.io/spectro-dev-public/luet-repo:kubeadm-k8s-1.25.15
gcr.io/spectro-dev-public/luet-repo:kubeadm-k8s-1.25.2
gcr.io/spectro-dev-public/luet-repo:kubeadm-k8s-1.26.10
gcr.io/spectro-dev-public/luet-repo:kubeadm-k8s-1.26.12
gcr.io/spectro-dev-public/luet-repo:kubeadm-k8s-1.26.4
gcr.io/spectro-dev-public/luet-repo:kubeadm-k8s-1.26.8
gcr.io/spectro-dev-public/luet-repo:kubeadm-k8s-1.27.2
gcr.io/spectro-dev-public/luet-repo:kubeadm-k8s-1.27.5
gcr.io/spectro-dev-public/luet-repo:kubeadm-k8s-1.27.7
gcr.io/spectro-dev-public/luet-repo:kubeadm-k8s-1.27.9
gcr.io/spectro-dev-public/luet-repo:kubeadm-k8s-1.28.2
gcr.io/spectro-dev-public/luet-repo:kubeadm-k8s-1.28.5
gcr.io/spectro-dev-public/luet-repo:kubeadm-k8s-1.29.0
gcr.io/spectro-dev-public/luet-repo:rke2-k8s-1.25.0-rke2r1
gcr.io/spectro-dev-public/luet-repo:rke2-k8s-1.25.13-rke2r1
gcr.io/spectro-dev-public/luet-repo:rke2-k8s-1.25.15-rke2r1
gcr.io/spectro-dev-public/luet-repo:rke2-k8s-1.25.2-rke2r1
gcr.io/spectro-dev-public/luet-repo:rke2-k8s-1.26.10-rke2r1
gcr.io/spectro-dev-public/luet-repo:rke2-k8s-1.26.12-rke2r1
gcr.io/spectro-dev-public/luet-repo:rke2-k8s-1.26.14-rke2r1
gcr.io/spectro-dev-public/luet-repo:rke2-k8s-1.26.4-rke2r1
gcr.io/spectro-dev-public/luet-repo:rke2-k8s-1.26.8-rke2r1
gcr.io/spectro-dev-public/luet-repo:rke2-k8s-1.27.11-rke2r1
gcr.io/spectro-dev-public/luet-repo:rke2-k8s-1.27.2-rke2r1
gcr.io/spectro-dev-public/luet-repo:rke2-k8s-1.27.5-rke2r1
gcr.io/spectro-dev-public/luet-repo:rke2-k8s-1.27.7-rke2r1
gcr.io/spectro-dev-public/luet-repo:rke2-k8s-1.27.9-rke2r1
gcr.io/spectro-dev-public/luet-repo:rke2-k8s-1.28.2-rke2r1
gcr.io/spectro-dev-public/luet-repo:rke2-k8s-1.28.5-rke2r1
gcr.io/spectro-dev-public/luet-repo:rke2-k8s-1.28.7-rke2r1
gcr.io/spectro-dev-public/luet-repo:rke2-k8s-1.29.0-rke2r1
gcr.io/spectro-dev-public/luet-repo:rke2-k8s-1.29.3-rke2r1

gcr.io/spectro-dev-public/luet-repo:kubeadm-fips-k8s-1.24.13
gcr.io/spectro-dev-public/luet-repo:kubeadm-fips-k8s-1.25.9
gcr.io/spectro-dev-public/luet-repo:kubeadm-fips-k8s-1.26.12
gcr.io/spectro-dev-public/luet-repo:kubeadm-fips-k8s-1.26.4
gcr.io/spectro-dev-public/luet-repo:kubeadm-fips-k8s-1.27.2
gcr.io/spectro-dev-public/luet-repo:kubeadm-fips-k8s-1.27.9
gcr.io/spectro-dev-public/luet-repo:kubeadm-fips-k8s-1.28.5
gcr.io/spectro-dev-public/luet-repo:kubeadm-fips-k8s-1.29.0
gcr.io/spectro-dev-public/luet-repo:containerd-fips-container-runtime-1.6.19





